
Memory Configuration

Name             Origin             Length             Attributes
FLASH            0x08000000         0x00020000         xr
SRAM             0x20000000         0x00004000         xrw
*default*        0x00000000         0xffffffff

Linker script and memory map

LOAD main.o
LOAD stm32_startup.o

.text           0x08000000      0x1ac
 *(.isr_vector)
 .isr_vector    0x08000000       0xc0 stm32_startup.o
                0x08000000                vectors
 *(.text)
 .text          0x080000c0       0x60 main.o
                0x080000c0                main
 .text          0x08000120       0x8c stm32_startup.o
                0x08000120                FLASH_Handler
                0x08000120                EXTI2_3_Handler
                0x08000120                SVCall_Handler
                0x08000120                HardFault_Handler
                0x08000120                SysTick_Handler
                0x08000120                I2C1_Handler
                0x08000120                PendSV_Handler
                0x08000120                NMI_Handler
                0x08000120                PVD_VDDIO2_Handler
                0x08000120                TIM6_DAC_Handler
                0x08000120                WWDG_Handler
                0x08000120                RTC_Handler
                0x08000120                TIM1_CC_Handler
                0x08000120                EXTI4_15_Handler
                0x08000120                TSC_Handler
                0x08000120                TIM1_BRK_UP_TRG_COM_Handler
                0x08000120                USB_Handler
                0x08000120                DMA_CH2_3_DMA2_CH1_2_Handler
                0x08000120                TIM2_Handler
                0x08000120                USART1_Handler
                0x08000120                DMA_CH4_5_6_7_DMA2_CH3_4_5_Handler
                0x08000120                TIM3_Handler
                0x08000120                Default_Handler
                0x08000120                CEC_CAN_Handler
                0x08000120                TIM17_Handler
                0x08000120                EXTI0_1_Handler
                0x08000120                DMA_CH1_Handler
                0x08000120                SPI2_Handler
                0x08000120                TIM16_Handler
                0x08000120                I2C2_Handler
                0x08000120                TIM14_Handler
                0x08000120                USART2_Handler
                0x08000120                SPI1_Handler
                0x08000120                RCC_CRS_Handler
                0x08000120                TIM15_Handler
                0x08000120                USART3_4_5_6_7_8_Handler
                0x08000120                TIM7_Handler
                0x08000120                ADC_COMP_Handler
                0x08000126                Reset_Handler
 *(.rodata)
                0x080001ac                . = ALIGN (0x4)
                0x080001ac                _etext = .

.glue_7         0x080001ac        0x0
 .glue_7        0x080001ac        0x0 linker stubs

.glue_7t        0x080001ac        0x0
 .glue_7t       0x080001ac        0x0 linker stubs

.vfp11_veneer   0x080001ac        0x0
 .vfp11_veneer  0x080001ac        0x0 linker stubs

.v4_bx          0x080001ac        0x0
 .v4_bx         0x080001ac        0x0 linker stubs

.iplt           0x080001ac        0x0
 .iplt          0x080001ac        0x0 stm32_startup.o

.rel.dyn        0x080001ac        0x0
 .rel.iplt      0x080001ac        0x0 stm32_startup.o

.data           0x20000000        0x0 load address 0x080001ac
                0x20000000                _sdata = .
 *(.data)
 .data          0x20000000        0x0 main.o
 .data          0x20000000        0x0 stm32_startup.o
                0x20000000                . = ALIGN (0x4)
                0x20000000                _edata = .

.igot.plt       0x20000000        0x0 load address 0x080001ac
 .igot.plt      0x20000000        0x0 stm32_startup.o

.bss            0x20000000        0x0 load address 0x080001ac
                0x20000000                _sbss = .
 *(.bss)
 .bss           0x20000000        0x0 main.o
 .bss           0x20000000        0x0 stm32_startup.o
 *(COMMON)
                0x20000000                . = ALIGN (0x4)
                0x20000000                _ebss = .
OUTPUT(final.elf elf32-littlearm)
LOAD linker stubs

.comment        0x00000000       0x4c
 .comment       0x00000000       0x4c main.o
                                 0x4d (size before relaxing)
 .comment       0x0000004c       0x4d stm32_startup.o

.ARM.attributes
                0x00000000       0x2c
 .ARM.attributes
                0x00000000       0x2c main.o
 .ARM.attributes
                0x0000002c       0x2c stm32_startup.o
